[techtrix.peacefulqode.com/wp-content/uploads/2021/06/favicon.ico]
[backblue.gif]
[fade.gif]
[index.html]
[techtrix.peacefulqode.com/feed/index.html]
[techtrix.peacefulqode.com/comments/feed/index.html]
[techtrix.peacefulqode.com/wp-includes/js/dist/vendor/wp-polyfill-inert.min0226.js]
[techtrix.peacefulqode.com/wp-includes/js/dist/vendor/regenerator-runtime.min6c85.js]
[techtrix.peacefulqode.com/wp-includes/js/dist/vendor/wp-polyfill.min2c7c.js]
[techtrix.peacefulqode.com/wp-includes/js/dist/hooks.min2757.js]
[ajax.googleapis.com/ajax/libs/jquery/2.2.4/jquery.min.js]
[stats.wp.com/w4afd.js]
[techtrix.peacefulqode.com/wp-content/plugins/woocommerce/assets/js/jquery-blockui/jquery.blockUI.min5f77.js]
[techtrix.peacefulqode.com/wp-content/plugins/woocommerce/assets/js/frontend/add-to-cart.min5d2d.js]
[techtrix.peacefulqode.com/wp-content/plugins/woocommerce/assets/js/js-cookie/js.cookie.min244a.js]
[techtrix.peacefulqode.com/wp-content/plugins/woocommerce/assets/js/frontend/woocommerce.min5d2d.js]
[techtrix.peacefulqode.com/wp-content/plugins/elementor/assets/lib/font-awesome/js/v4-shims.mina1c3.js]
[techtrix.peacefulqode.com/wp-json/index.html]
[techtrix.peacefulqode.com/wp-json/wp/v2/pages/9.json]
[techtrix.peacefulqode.com/wp-json/oembed/1.0/embedfd94.json]
[techtrix.peacefulqode.com/wp-json/oembed/1.0/embed0520]
[techtrix.peacefulqode.com/wp-content/uploads/2021/06/3-1.png]
[techtrix.peacefulqode.com/wp-content/uploads/2021/06/sss11111.png]
[techtrix.peacefulqode.com/wp-content/uploads/2021/06/logo-1.png]
[techtrix.peacefulqode.com/wp-content/plugins/revslider/public/assets/assets/dummy.png]
[techtrix.peacefulqode.com/wp-content/uploads/2021/06/About_Us_Img.png]
[techtrix.peacefulqode.com/wp-content/uploads/2021/06/1.jpg]
[techtrix.peacefulqode.com/wp-content/uploads/2021/06/2.png]
[techtrix.peacefulqode.com/wp-content/uploads/2021/06/4.jpg]
[techtrix.peacefulqode.com/wp-content/uploads/2021/06/8.jpg]
[techtrix.peacefulqode.com/wp-content/uploads/2021/06/10.jpg]
[techtrix.peacefulqode.com/wp-content/uploads/2021/06/9-1.jpg]
[techtrix.peacefulqode.com/wp-content/uploads/2021/06/7-1.jpg]
[techtrix.peacefulqode.com/wp-content/uploads/2021/06/9.jpg]
[techtrix.peacefulqode.com/wp-content/uploads/2021/06/2-1.jpg]
[techtrix.peacefulqode.com/wp-content/uploads/2021/06/3.jpg]
[techtrix.peacefulqode.com/wp-content/uploads/2021/06/4-2.jpg]
[techtrix.peacefulqode.com/wp-content/uploads/2021/06/5.jpg]
[techtrix.peacefulqode.com/wp-content/uploads/2021/06/6-1.jpg]
[techtrix.peacefulqode.com/wp-content/uploads/2021/06/team-7.jpg]
[techtrix.peacefulqode.com/wp-content/uploads/2022/06/team-10.jpg]
[techtrix.peacefulqode.com/wp-content/uploads/2021/06/team-9.jpg]
[techtrix.peacefulqode.com/wp-content/uploads/2021/06/6.jpg]
[techtrix.peacefulqode.com/wp-content/uploads/2021/06/blog-1.jpg]
[techtrix.peacefulqode.com/wp-content/uploads/2021/06/blog-4.jpg]
[techtrix.peacefulqode.com/wp-content/uploads/2021/06/blog-5.jpg]
[techtrix.peacefulqode.com/wp-content/uploads/2021/06/blog-6.jpg]
[techtrix.peacefulqode.com/wp-content/uploads/2021/06/blog-7.jpg]
[techtrix.peacefulqode.com/wp-content/uploads/2021/06/blog-8.jpg]
[techtrix.peacefulqode.com/wp-content/uploads/2021/06/blog-9.jpg]
[techtrix.peacefulqode.com/wp-content/uploads/2021/06/blog-3.jpg]
[techtrix.peacefulqode.com/wp-content/uploads/2021/06/blog-2.jpg]
[techtrix.peacefulqode.com/wp-content/uploads/2021/06/logo-white.png]
[techtrix.peacefulqode.com/wp-content/uploads/2021/06/blog-1-90x70.jpg]
[techtrix.peacefulqode.com/wp-content/uploads/2021/06/blog-4-90x70.jpg]
[techtrix.peacefulqode.com/wp-content/plugins/contact-form-7/includes/swv/js/indexf2b4.js]
[techtrix.peacefulqode.com/wp-content/plugins/contact-form-7/includes/js/indexf2b4.js]
[techtrix.peacefulqode.com/wp-content/plugins/revslider/public/assets/js/rbtools.min627e.js]
[techtrix.peacefulqode.com/wp-content/plugins/revslider/public/assets/js/rs6.min627e.js]
[techtrix.peacefulqode.com/wp-content/plugins/techtrix-core/assests/js/swiper-bundle.min5152.js]
[techtrix.peacefulqode.com/wp-content/plugins/techtrix-core/assests/js/slick5152.js]
[techtrix.peacefulqode.com/wp-content/plugins/techtrix-core/assests/js/jquery.countTo5152.js]
[techtrix.peacefulqode.com/wp-content/plugins/techtrix-core/assests/js/isotope.pkgd.min5152.js]
[techtrix.peacefulqode.com/wp-content/plugins/techtrix-core/assests/js/owl.carousel.min531b.js]
[techtrix.peacefulqode.com/wp-content/plugins/techtrix-core/assests/js/jquery.magnific-popup.minf488.js]
[techtrix.peacefulqode.com/wp-content/plugins/techtrix-core/assests/js/tox-progress5152.js]
[techtrix.peacefulqode.com/wp-content/plugins/techtrix-core/assests/js/timeline.min5152.js]
[techtrix.peacefulqode.com/wp-content/plugins/techtrix-core/assests/js/load-more5152.js]
[techtrix.peacefulqode.com/wp-content/plugins/techtrix-core/assests/js/circle-progress.min5152.js]
[techtrix.peacefulqode.com/wp-content/plugins/techtrix-core/assests/js/jquery.mCustomScrollbar5152.js]
[techtrix.peacefulqode.com/wp-content/plugins/techtrix-core/assests/js/plugin-custom5152.js]
[techtrix.peacefulqode.com/wp-content/plugins/woocommerce/assets/js/sourcebuster/sourcebuster.min5d2d.js]
[techtrix.peacefulqode.com/wp-content/plugins/woocommerce/assets/js/frontend/order-attribution.min5d2d.js]
[techtrix.peacefulqode.com/wp-content/themes/techtrix/assets/js/bootstrap.mina352.js]
[techtrix.peacefulqode.com/wp-content/themes/techtrix/assets/js/techtrix-custom5152.js]
[techtrix.peacefulqode.com/wp-content/plugins/elementor/assets/js/webpack.runtime.mina1c3.js]
[techtrix.peacefulqode.com/wp-content/plugins/elementor/assets/js/frontend-modules.mina1c3.js]
[techtrix.peacefulqode.com/wp-content/plugins/elementor/assets/lib/waypoints/waypoints.min05da.js]
[techtrix.peacefulqode.com/wp-includes/js/jquery/ui/core.min3f14.js]
[techtrix.peacefulqode.com/wp-content/plugins/elementor/assets/lib/swiper/swiper.min48f5.js]
[techtrix.peacefulqode.com/wp-content/plugins/elementor/assets/lib/share-link/share-link.mina1c3.js]
[techtrix.peacefulqode.com/wp-content/plugins/elementor/assets/lib/dialog/dialog.mind227.js]
[techtrix.peacefulqode.com/wp-content/plugins/elementor/assets/js/frontend.mina1c3.js]
[techtrix.peacefulqode.com/wp-content/plugins/techtrix-core/assests/js/rough-notation.iife8a54.js]
[techtrix.peacefulqode.com/wp-content/plugins/techtrix-core/assests/js/rough-script8a54.js]
[techtrix.peacefulqode.com/wp-content/plugins/elementor/assets/js/preloaded-modules.mina1c3.js]
[techtrix.peacefulqode.com/index.html]
[techtrix.peacefulqode.com/wp-includes/css/dist/block-library/style.mine63c.css]
[techtrix.peacefulqode.com/wp-content/plugins/redux-framework/redux-core/assets/css/extendify-utilitiese929.css]
[techtrix.peacefulqode.com/wp-content/plugins/contact-form-7/includes/css/stylesf2b4.css]
[techtrix.peacefulqode.com/wp-content/plugins/techtrix-core/assests/css/owl.carousel.minf488.css]
[techtrix.peacefulqode.com/wp-content/plugins/techtrix-core/assests/css/swiper-bundle.minf488.css]
[techtrix.peacefulqode.com/wp-content/plugins/techtrix-core/assests/css/slickf488.css]
[techtrix.peacefulqode.com/wp-content/plugins/techtrix-core/assests/css/flaticon/collection-1/Flaticon.woff2]
[techtrix.peacefulqode.com/wp-content/plugins/techtrix-core/assests/css/flaticon/collection-1/Flaticon.woff]
[techtrix.peacefulqode.com/wp-content/plugins/techtrix-core/assests/css/flaticon/collection-1/Flaticon.ttf]
[techtrix.peacefulqode.com/wp-content/plugins/techtrix-core/assests/css/flaticon/collection-1/flaticon001e.css]
[techtrix.peacefulqode.com/wp-content/plugins/techtrix-core/assests/css/flaticon/collection-2/Flaticon.eot]
[techtrix.peacefulqode.com/wp-content/plugins/techtrix-core/assests/css/flaticon/collection-2/Flaticond41d.eot]
[techtrix.peacefulqode.com/wp-content/plugins/techtrix-core/assests/css/flaticon/collection-2/Flaticon.woff2]
[techtrix.peacefulqode.com/wp-content/plugins/techtrix-core/assests/css/flaticon/collection-2/Flaticon.woff]
[techtrix.peacefulqode.com/wp-content/plugins/techtrix-core/assests/css/flaticon/collection-2/Flaticon.ttf]
[techtrix.peacefulqode.com/wp-content/plugins/techtrix-core/assests/css/flaticon/collection-2/flaticon001e.css]
[techtrix.peacefulqode.com/wp-content/plugins/techtrix-core/assests/css/flaticon/collection-3/Flaticon.eot]
[techtrix.peacefulqode.com/wp-content/plugins/techtrix-core/assests/css/flaticon/collection-3/Flaticond41d.eot]
[techtrix.peacefulqode.com/wp-content/plugins/techtrix-core/assests/css/flaticon/collection-3/Flaticon.woff2]
[techtrix.peacefulqode.com/wp-content/plugins/techtrix-core/assests/css/flaticon/collection-3/Flaticon.woff]
[techtrix.peacefulqode.com/wp-content/plugins/techtrix-core/assests/css/flaticon/collection-3/Flaticon.ttf]
[techtrix.peacefulqode.com/wp-content/plugins/techtrix-core/assests/css/flaticon/collection-3/flaticon001e.css]
[techtrix.peacefulqode.com/wp-content/plugins/techtrix-core/assests/fonts/ionicons28b5.eot]
[techtrix.peacefulqode.com/wp-content/plugins/techtrix-core/assests/fonts/ionicons28b5.ttf]
[techtrix.peacefulqode.com/wp-content/plugins/techtrix-core/assests/fonts/ionicons28b5.woff]
[techtrix.peacefulqode.com/wp-content/plugins/techtrix-core/assests/css/ionicons.min001e.css]
[techtrix.peacefulqode.com/wp-content/plugins/techtrix-core/assests/css/timeline.min001e.css]
[techtrix.peacefulqode.com/wp-content/plugins/techtrix-core/assests/fonts/themify9f24.eot]
[techtrix.peacefulqode.com/wp-content/plugins/techtrix-core/assests/fonts/themifyd41d.eot]
[techtrix.peacefulqode.com/wp-content/plugins/techtrix-core/assests/fonts/themify9f24.woff]
[techtrix.peacefulqode.com/wp-content/plugins/techtrix-core/assests/fonts/themify9f24.ttf]
[techtrix.peacefulqode.com/wp-content/plugins/techtrix-core/assests/css/themify-icons001e.css]
[techtrix.peacefulqode.com/wp-content/plugins/techtrix-core/assests/css/magnific-popup.min531b.css]
[techtrix.peacefulqode.com/wp-content/plugins/techtrix-core/assests/css/block-revealer531b.css]
[techtrix.peacefulqode.com/wp-content/plugins/techtrix-core/assests/css/jquery.mCustomScrollbar.min531b.css]
[techtrix.peacefulqode.com/wp-content/plugins/techtrix-core/assests/css/roundslider001e.css]
[techtrix.peacefulqode.com/wp-content/plugins/woocommerce/assets/css/woocommerce-layout5d2d.css]
[techtrix.peacefulqode.com/wp-content/plugins/woocommerce/assets/css/woocommerce-smallscreen5d2d.css]
[techtrix.peacefulqode.com/wp-content/plugins/woocommerce/assets/fonts/WooCommerce.woff2]
[techtrix.peacefulqode.com/wp-content/plugins/woocommerce/assets/fonts/WooCommerce.woff]
[techtrix.peacefulqode.com/wp-content/plugins/woocommerce/assets/fonts/WooCommerce.ttf]
[techtrix.peacefulqode.com/wp-content/plugins/woocommerce/assets/css/woocommerce5d2d.css]
[techtrix.peacefulqode.com/wp-content/plugins/elementor/assets/lib/eicons/fonts/eiconsb732.eot]
[techtrix.peacefulqode.com/wp-content/plugins/elementor/assets/lib/eicons/fonts/eiconsb732.woff2]
[techtrix.peacefulqode.com/wp-content/plugins/elementor/assets/lib/eicons/fonts/eiconsb732.woff]
[techtrix.peacefulqode.com/wp-content/plugins/elementor/assets/lib/eicons/fonts/eiconsb732.ttf]
[techtrix.peacefulqode.com/wp-content/plugins/elementor/assets/lib/eicons/css/elementor-icons.minfc13.css]
[techtrix.peacefulqode.com/wp-content/plugins/elementor/assets/css/frontend-legacy.mina1c3.css]
[techtrix.peacefulqode.com/wp-content/plugins/elementor/assets/css/frontend.mina1c3.css]
[techtrix.peacefulqode.com/wp-content/plugins/elementor/assets/lib/swiper/css/swiper.min48f5.css]
[techtrix.peacefulqode.com/wp-content/uploads/elementor/css/post-19c3c.css]
[techtrix.peacefulqode.com/wp-content/plugins/elementor/assets/lib/font-awesome/webfonts/fa-brands-400.eot]
[techtrix.peacefulqode.com/wp-content/plugins/elementor/assets/lib/font-awesome/webfonts/fa-brands-400d41d.eot]
[techtrix.peacefulqode.com/wp-content/plugins/elementor/assets/lib/font-awesome/webfonts/fa-brands-400.woff2]
[techtrix.peacefulqode.com/wp-content/plugins/elementor/assets/lib/font-awesome/webfonts/fa-brands-400.woff]
[techtrix.peacefulqode.com/wp-content/plugins/elementor/assets/lib/font-awesome/webfonts/fa-brands-400.ttf]
[techtrix.peacefulqode.com/wp-content/plugins/elementor/assets/lib/font-awesome/webfonts/fa-regular-400.eot]
[techtrix.peacefulqode.com/wp-content/plugins/elementor/assets/lib/font-awesome/webfonts/fa-regular-400d41d.eot]
[techtrix.peacefulqode.com/wp-content/plugins/elementor/assets/lib/font-awesome/webfonts/fa-regular-400.woff2]
[techtrix.peacefulqode.com/wp-content/plugins/elementor/assets/lib/font-awesome/webfonts/fa-regular-400.woff]
[techtrix.peacefulqode.com/wp-content/plugins/elementor/assets/lib/font-awesome/webfonts/fa-regular-400.ttf]
[techtrix.peacefulqode.com/wp-content/plugins/elementor/assets/lib/font-awesome/webfonts/fa-solid-900.eot]
[techtrix.peacefulqode.com/wp-content/plugins/elementor/assets/lib/font-awesome/webfonts/fa-solid-900d41d.eot]
[techtrix.peacefulqode.com/wp-content/plugins/elementor/assets/lib/font-awesome/webfonts/fa-solid-900.woff2]
[techtrix.peacefulqode.com/wp-content/plugins/elementor/assets/lib/font-awesome/webfonts/fa-solid-900.woff]
[techtrix.peacefulqode.com/wp-content/plugins/elementor/assets/lib/font-awesome/webfonts/fa-solid-900.ttf]
[techtrix.peacefulqode.com/wp-content/plugins/elementor/assets/lib/font-awesome/css/all.mina1c3.css]
[techtrix.peacefulqode.com/wp-content/plugins/elementor/assets/lib/font-awesome/css/v4-shims.mina1c3.css]
[techtrix.peacefulqode.com/wp-content/uploads/2021/06/3.png]
[techtrix.peacefulqode.com/wp-content/uploads/elementor/css/post-92c8b.css]
[techtrix.peacefulqode.com/wp-content/plugins/elementor/assets/lib/font-awesome/fonts/fontawesome-webfont3e6e.eot]
[techtrix.peacefulqode.com/wp-content/plugins/elementor/assets/lib/font-awesome/fonts/fontawesome-webfontd41d.eot]
[techtrix.peacefulqode.com/wp-content/plugins/elementor/assets/lib/font-awesome/fonts/fontawesome-webfont3e6e.woff2]
[techtrix.peacefulqode.com/wp-content/plugins/elementor/assets/lib/font-awesome/fonts/fontawesome-webfont3e6e.woff]
[techtrix.peacefulqode.com/wp-content/plugins/elementor/assets/lib/font-awesome/fonts/fontawesome-webfont3e6e.ttf]
[techtrix.peacefulqode.com/wp-content/plugins/elementor/assets/lib/font-awesome/css/font-awesome.min1849.css]
[techtrix.peacefulqode.com/wp-content/themes/techtrix/assets/fonts/ionicons28b5.eot]
[techtrix.peacefulqode.com/wp-content/themes/techtrix/assets/fonts/ionicons28b5.ttf]
[techtrix.peacefulqode.com/wp-content/themes/techtrix/assets/fonts/ionicons28b5.woff]
[techtrix.peacefulqode.com/wp-content/themes/techtrix/assets/css/ionicons.min001e.css]
[techtrix.peacefulqode.com/wp-content/themes/techtrix/assets/fonts/la-brands-400.eot]
[techtrix.peacefulqode.com/wp-content/themes/techtrix/assets/fonts/la-brands-400d41d.eot]
[techtrix.peacefulqode.com/wp-content/themes/techtrix/assets/fonts/la-brands-400.woff2]
[techtrix.peacefulqode.com/wp-content/themes/techtrix/assets/fonts/la-brands-400.woff]
[techtrix.peacefulqode.com/wp-content/themes/techtrix/assets/fonts/la-brands-400.ttf]
[techtrix.peacefulqode.com/wp-content/themes/techtrix/assets/fonts/la-regular-400.eot]
[techtrix.peacefulqode.com/wp-content/themes/techtrix/assets/fonts/la-regular-400d41d.eot]
[techtrix.peacefulqode.com/wp-content/themes/techtrix/assets/fonts/la-regular-400.woff2]
[techtrix.peacefulqode.com/wp-content/themes/techtrix/assets/fonts/la-regular-400.woff]
[techtrix.peacefulqode.com/wp-content/themes/techtrix/assets/fonts/la-regular-400.ttf]
[techtrix.peacefulqode.com/wp-content/themes/techtrix/assets/fonts/la-solid-900.eot]
[techtrix.peacefulqode.com/wp-content/themes/techtrix/assets/fonts/la-solid-900d41d.eot]
[techtrix.peacefulqode.com/wp-content/themes/techtrix/assets/fonts/la-solid-900.woff2]
[techtrix.peacefulqode.com/wp-content/themes/techtrix/assets/fonts/la-solid-900.woff]
[techtrix.peacefulqode.com/wp-content/themes/techtrix/assets/fonts/la-solid-900.ttf]
[techtrix.peacefulqode.com/wp-content/themes/techtrix/assets/css/line-awesome.min6f3e.css]
[techtrix.peacefulqode.com/wp-content/themes/techtrix/assets/css/bootstrap.mina352.css]
[techtrix.peacefulqode.com/wp-content/themes/techtrix/assets/css/techtrix-loadera352.css]
[techtrix.peacefulqode.com/wp-content/themes/techtrix/assets/css/animate.mincce7.css]
[techtrix.peacefulqode.com/wp-content/themes/techtrix/assets/css/techtrix-custom5152.css]
[techtrix.peacefulqode.com/wp-content/themes/techtrix/assets/css/techtrix-responsive5152.css]
[techtrix.peacefulqode.com/wp-content/themes/techtrix/assets/css/woocommerce5152.css]
[techtrix.peacefulqode.com/xmlrpc0db0.html]
[techtrix.peacefulqode.com/wp-json/wp/v2/pages/1081.json]
[techtrix.peacefulqode.com/wp-json/oembed/1.0/embed81c4.json]
[techtrix.peacefulqode.com/wp-json/oembed/1.0/embed0572]
[techtrix.peacefulqode.com/wp-content/uploads/elementor/thumbs/6-p8402gy2syfj7bk0vt3ngmbmfuy8dp6qowbt8kwdes.jpg]
[techtrix.peacefulqode.com/wp-content/uploads/elementor/thumbs/portfolio-7-p84ci7edyhkytkmzz5d1rcxncjdpk9evnp7z6kd3g8.jpg]
[techtrix.peacefulqode.com/wp-content/uploads/2021/06/25.jpg]
[techtrix.peacefulqode.com/wp-content/uploads/2021/06/8-1140x1140.jpg]
[techtrix.peacefulqode.com/wp-content/uploads/2021/06/10-1140x1140.jpg]
[techtrix.peacefulqode.com/wp-content/uploads/2021/06/9-1-1140x1140.jpg]
[techtrix.peacefulqode.com/wp-content/uploads/2021/06/7-1-1140x1140.jpg]
[techtrix.peacefulqode.com/wp-content/uploads/2021/06/9-1140x1140.jpg]
[techtrix.peacefulqode.com/wp-content/uploads/2021/06/2-1-1140x1140.jpg]
[techtrix.peacefulqode.com/wp-content/uploads/2021/06/3-1140x1140.jpg]
[techtrix.peacefulqode.com/wp-content/uploads/2021/06/4-2-1140x1140.jpg]
[techtrix.peacefulqode.com/wp-content/uploads/2021/06/5-1140x1140.jpg]
[techtrix.peacefulqode.com/wp-content/uploads/2021/06/6-1-1140x1140.jpg]
[techtrix.peacefulqode.com/wp-content/uploads/2021/06/client-1.png]
[techtrix.peacefulqode.com/wp-content/uploads/2021/06/client-2.png]
[techtrix.peacefulqode.com/wp-content/uploads/2021/06/client-3.png]
[techtrix.peacefulqode.com/wp-content/uploads/2021/06/client-4.png]
[techtrix.peacefulqode.com/wp-content/uploads/2021/06/client-5.png]
[techtrix.peacefulqode.com/wp-content/uploads/2021/06/team-1-1.jpg]
[techtrix.peacefulqode.com/wp-content/plugins/revslider/public/assets/fonts/revicons/revicons90c6.woff]
[techtrix.peacefulqode.com/home-modern/index.html]
[techtrix.peacefulqode.com/wp-json/wp/v2/pages/24030.json]
[techtrix.peacefulqode.com/wp-json/oembed/1.0/embed71b4.json]
[techtrix.peacefulqode.com/wp-json/oembed/1.0/embed9a50]
[techtrix.peacefulqode.com/wp-content/uploads/2021/07/1-2.jpg]
[techtrix.peacefulqode.com/wp-content/uploads/2021/07/2-2.jpg]
[techtrix.peacefulqode.com/wp-content/uploads/2021/07/2.png]
[techtrix.peacefulqode.com/wp-content/uploads/2021/07/1.png]
[techtrix.peacefulqode.com/wp-content/uploads/2021/07/3.png]
[techtrix.peacefulqode.com/wp-content/uploads/2021/07/4.png]
[techtrix.peacefulqode.com/wp-content/uploads/2021/07/5.png]
[techtrix.peacefulqode.com/wp-content/uploads/elementor/thumbs/1-3-pa8vzwcdq2tt0cob53cabeeal26jpswkq9faebu0y0.jpg]
[techtrix.peacefulqode.com/wp-content/uploads/elementor/thumbs/2-3-pa8w0nlp89v4d1kppx4gtpint8g6x0wsi0cdbcplxk.jpg]
[techtrix.peacefulqode.com/wp-content/uploads/2021/07/3-3.jpg]
[techtrix.peacefulqode.com/wp-content/uploads/2021/07/3-2.jpg]
[techtrix.peacefulqode.com/wp-content/uploads/2021/06/team-5.jpg]
[techtrix.peacefulqode.com/wp-content/uploads/2021/06/team-2.jpg]
[techtrix.peacefulqode.com/wp-content/uploads/2021/06/team-3.jpg]
[techtrix.peacefulqode.com/wp-content/uploads/2021/06/team-4.jpg]
[techtrix.peacefulqode.com/wp-content/uploads/2021/06/team-1.jpg]
[techtrix.peacefulqode.com/wp-content/uploads/2021/06/team-6.jpg]
[techtrix.peacefulqode.com/wp-content/uploads/2021/07/image-1-1.png]
[techtrix.peacefulqode.com/start-up-home/index.html]
[techtrix.peacefulqode.com/wp-json/wp/v2/pages/738.json]
[techtrix.peacefulqode.com/wp-json/oembed/1.0/embedb10b.json]
[techtrix.peacefulqode.com/wp-json/oembed/1.0/embedfa84]
[techtrix.peacefulqode.com/wp-content/uploads/elementor/thumbs/1-1-pa8w5ru3k5cvw3u31m90mktwfez63dxxr9o4ebaaeo.jpg]
[techtrix.peacefulqode.com/wp-content/uploads/elementor/thumbs/2-1-pa8w6x6xyovfos1r0a7ppekt25ye5m5g7h8chffedc.jpg]
[techtrix.peacefulqode.com/wp-content/uploads/elementor/thumbs/team-10-p844jvs5gsagq2l66rxml8kiv1d1tjns0l60z5ueqo.jpg]
[techtrix.peacefulqode.com/wp-content/uploads/2021/07/3-1.jpg]
[techtrix.peacefulqode.com/wp-content/uploads/2021/06/arrow-1.png]
[techtrix.peacefulqode.com/wp-content/uploads/2021/06/arrow-2.png]
[techtrix.peacefulqode.com/wp-content/uploads/2021/06/sp_badge_clutch.png]
[techtrix.peacefulqode.com/wp-content/uploads/2021/06/sp_badge_appfutura.png]
[techtrix.peacefulqode.com/wp-content/uploads/2021/06/sp_badge_top-Developers.png]
[techtrix.peacefulqode.com/wp-content/uploads/2021/06/team-10.jpg]
[techtrix.peacefulqode.com/wp-content/plugins/elementor/assets/lib/jquery-numerator/jquery-numerator.min3958.js]
[techtrix.peacefulqode.com/it-agency/index.html]
[techtrix.peacefulqode.com/wp-json/wp/v2/pages/24809.json]
[techtrix.peacefulqode.com/wp-json/oembed/1.0/embedace6.json]
[techtrix.peacefulqode.com/wp-json/oembed/1.0/embed0a62]
[techtrix.peacefulqode.com/wp-content/uploads/2021/07/1-4.jpg]
[techtrix.peacefulqode.com/wp-content/uploads/revslider/home-2/bg-1.jpg]
[techtrix.peacefulqode.com/wp-content/uploads/2021/07/2-4.jpg]
[techtrix.peacefulqode.com/softwar-company/index.html]
[techtrix.peacefulqode.com/wp-json/wp/v2/pages/1076.json]
[techtrix.peacefulqode.com/wp-json/oembed/1.0/embed46c2.json]
[techtrix.peacefulqode.com/wp-json/oembed/1.0/embedb3e0]
[techtrix.peacefulqode.com/wp-content/uploads/2021/06/13-1.jpg]
[techtrix.peacefulqode.com/wp-content/uploads/2021/06/8-550x650.jpg]
[techtrix.peacefulqode.com/wp-content/uploads/2021/06/10-550x650.jpg]
[techtrix.peacefulqode.com/wp-content/uploads/2021/06/9-1-550x650.jpg]
[techtrix.peacefulqode.com/wp-content/uploads/2021/06/7-1-550x650.jpg]
[techtrix.peacefulqode.com/wp-content/uploads/2021/06/9-550x650.jpg]
[techtrix.peacefulqode.com/wp-content/uploads/2021/06/2-1-550x650.jpg]
[techtrix.peacefulqode.com/wp-content/uploads/2021/06/3-550x650.jpg]
[techtrix.peacefulqode.com/wp-content/uploads/2021/06/4-2-550x650.jpg]
[techtrix.peacefulqode.com/wp-content/uploads/2021/06/5-550x650.jpg]
[techtrix.peacefulqode.com/wp-content/uploads/2021/06/6-1-550x650.jpg]
[techtrix.peacefulqode.com/wp-content/uploads/2021/06/bg-5.jpg]
[techtrix.peacefulqode.com/wp-content/uploads/2021/06/bg-6.jpg]
[techtrix.peacefulqode.com/wp-content/uploads/2021/06/22.jpg]
[techtrix.peacefulqode.com/wp-content/uploads/2021/06/23.jpg]
[techtrix.peacefulqode.com/wp-content/uploads/2021/06/24.jpg]
[techtrix.peacefulqode.com/wp-content/uploads/2021/06/14.jpg]
[techtrix.peacefulqode.com/wp-content/uploads/2021/06/16.png]
[techtrix.peacefulqode.com/home-classic/index.html]
[techtrix.peacefulqode.com/wp-json/wp/v2/pages/27563.json]
[techtrix.peacefulqode.com/wp-json/oembed/1.0/embed4100.json]
[techtrix.peacefulqode.com/wp-json/oembed/1.0/embed3753]
[techtrix.peacefulqode.com/wp-content/uploads/2023/07/1.jpg]
[techtrix.peacefulqode.com/wp-content/uploads/2023/07/2.jpg]
[techtrix.peacefulqode.com/wp-content/uploads/2023/07/1-5.jpg]
[techtrix.peacefulqode.com/wp-content/uploads/2023/07/2-5.jpg]
[techtrix.peacefulqode.com/wp-content/uploads/2023/07/3.jpg]
[techtrix.peacefulqode.com/wp-content/uploads/2023/07/4.jpg]
[techtrix.peacefulqode.com/wp-content/uploads/2023/07/1.png]
[techtrix.peacefulqode.com/wp-content/uploads/2023/07/2-4.png]
[techtrix.peacefulqode.com/wp-content/uploads/2023/07/3.png]
[techtrix.peacefulqode.com/wp-content/uploads/2022/06/team-9.jpg]
[techtrix.peacefulqode.com/wp-content/uploads/2022/06/team-7.jpg]
[techtrix.peacefulqode.com/wp-content/uploads/2021/07/1-1.jpg]
[techtrix.peacefulqode.com/wp-content/uploads/2022/06/about.png]
[techtrix.peacefulqode.com/it-solution/index.html]
[techtrix.peacefulqode.com/wp-json/wp/v2/pages/27571.json]
[techtrix.peacefulqode.com/wp-json/oembed/1.0/embedc00e.json]
[techtrix.peacefulqode.com/wp-json/oembed/1.0/embedd349]
[techtrix.peacefulqode.com/wp-content/uploads/2023/07/About.jpg]
[techtrix.peacefulqode.com/wp-content/uploads/2021/06/8-1140x700.jpg]
[techtrix.peacefulqode.com/wp-content/uploads/2021/06/10-600x650.jpg]
[techtrix.peacefulqode.com/wp-content/uploads/2021/06/9-1-600x650.jpg]
[techtrix.peacefulqode.com/wp-content/uploads/2021/06/7-1-1140x700.jpg]
[techtrix.peacefulqode.com/wp-content/uploads/2021/06/9-1140x700.jpg]
[techtrix.peacefulqode.com/wp-content/uploads/2021/06/2-1-1140x700.jpg]
[techtrix.peacefulqode.com/wp-content/uploads/2021/06/3-1140x700.jpg]
[techtrix.peacefulqode.com/wp-content/uploads/2021/06/4-2-600x650.jpg]
[techtrix.peacefulqode.com/wp-content/uploads/2021/06/5-600x650.jpg]
[techtrix.peacefulqode.com/wp-content/uploads/2021/06/6-1-1140x700.jpg]
[techtrix.peacefulqode.com/wp-content/uploads/2023/07/4-1.jpg]
[techtrix.peacefulqode.com/wp-content/uploads/2023/07/3-1.jpg]
[techtrix.peacefulqode.com/wp-content/uploads/2023/07/2-2.jpg]
[techtrix.peacefulqode.com/wp-content/uploads/2023/07/1-4.jpg]
[techtrix.peacefulqode.com/tech-solutions/index.html]
[techtrix.peacefulqode.com/wp-json/wp/v2/pages/27572.json]
[techtrix.peacefulqode.com/wp-json/oembed/1.0/embeded99.json]
[techtrix.peacefulqode.com/wp-json/oembed/1.0/embedfa68]
[techtrix.peacefulqode.com/wp-content/uploads/2023/07/About-1.jpg]
[techtrix.peacefulqode.com/wp-content/uploads/2023/07/1-1.jpg]
[techtrix.peacefulqode.com/wp-content/uploads/2023/07/2-1.jpg]
[techtrix.peacefulqode.com/wp-content/uploads/2023/07/3-2.jpg]
[techtrix.peacefulqode.com/wp-content/uploads/2023/07/4-2.jpg]
[techtrix.peacefulqode.com/wp-content/uploads/2023/07/5.jpg]
[techtrix.peacefulqode.com/wp-content/uploads/2021/06/8-1140x549.jpg]
[techtrix.peacefulqode.com/wp-content/uploads/2021/06/7-1-1140x549.jpg]
[techtrix.peacefulqode.com/wp-content/uploads/2021/06/3-1140x549.jpg]
[techtrix.peacefulqode.com/wp-content/uploads/2021/06/6-1-1140x549.jpg]
[techtrix.peacefulqode.com/wp-content/uploads/2023/07/cb6.png]
[techtrix.peacefulqode.com/wp-content/uploads/2023/07/cp6.png]
[techtrix.peacefulqode.com/wp-content/uploads/2023/07/cb4.png]
[techtrix.peacefulqode.com/wp-content/uploads/2023/07/cp4.png]
[techtrix.peacefulqode.com/wp-content/uploads/2023/07/cb3.png]
[techtrix.peacefulqode.com/wp-content/uploads/2023/07/cp3.png]
[techtrix.peacefulqode.com/wp-content/uploads/2023/07/cb2.png]
[techtrix.peacefulqode.com/wp-content/uploads/2023/07/cp2.png]
[techtrix.peacefulqode.com/wp-content/uploads/2023/07/cb5.png]
[techtrix.peacefulqode.com/wp-content/uploads/2023/07/cp5.png]
[techtrix.peacefulqode.com/wp-content/uploads/2023/07/cb1-1.png]
[techtrix.peacefulqode.com/wp-content/uploads/2023/07/cp1.png]
[techtrix.peacefulqode.com/software-solution/index.html]
[techtrix.peacefulqode.com/wp-json/wp/v2/pages/26997.json]
[techtrix.peacefulqode.com/wp-json/oembed/1.0/embed7e99.json]
[techtrix.peacefulqode.com/wp-json/oembed/1.0/embed72e0]
[techtrix.peacefulqode.com/wp-content/uploads/2022/06/1-1.png]
[techtrix.peacefulqode.com/wp-content/uploads/elementor/thumbs/about-pq1tnbrzsdlniucq6m837wnflt4n601sfb0s813y04.jpg]
[techtrix.peacefulqode.com/wp-content/uploads/2022/06/1-2-1.jpg]
[techtrix.peacefulqode.com/wp-content/uploads/2022/06/2-2-1.jpg]
[techtrix.peacefulqode.com/wp-content/uploads/2022/06/3-2-1.jpg]
[techtrix.peacefulqode.com/wp-content/uploads/2022/06/video.jpg]
[techtrix.peacefulqode.com/digital-solution/index.html]
[techtrix.peacefulqode.com/wp-json/wp/v2/pages/26838.json]
[techtrix.peacefulqode.com/wp-json/oembed/1.0/embed98e4.json]
[techtrix.peacefulqode.com/wp-json/oembed/1.0/embedb4a3]
[techtrix.peacefulqode.com/wp-content/uploads/2022/06/2-1.png]
[techtrix.peacefulqode.com/wp-content/uploads/2022/06/1-2-2.jpg]
[techtrix.peacefulqode.com/it-chroma/index.html]
[techtrix.peacefulqode.com/wp-json/wp/v2/pages/26847.json]
[techtrix.peacefulqode.com/wp-json/oembed/1.0/embed4d6b.json]
[techtrix.peacefulqode.com/wp-json/oembed/1.0/embed9c6d]
[techtrix.peacefulqode.com/wp-content/uploads/2022/06/3-3.png]
[techtrix.peacefulqode.com/wp-content/uploads/2022/06/1-6.jpg]
[techtrix.peacefulqode.com/wp-content/uploads/2022/06/2-5.jpg]
[techtrix.peacefulqode.com/wp-content/uploads/2022/06/1-3-1.jpg]
[techtrix.peacefulqode.com/wp-content/uploads/2021/06/12.png]
[techtrix.peacefulqode.com/wp-content/uploads/2022/06/png.png]
[techtrix.peacefulqode.com/it-technologies/index.html]
[techtrix.peacefulqode.com/wp-json/wp/v2/pages/26219.json]
[techtrix.peacefulqode.com/wp-json/oembed/1.0/embed3fa2.json]
[techtrix.peacefulqode.com/wp-json/oembed/1.0/embed6c63]
[techtrix.peacefulqode.com/onepage/index.html]
[techtrix.peacefulqode.com/wp-json/wp/v2/pages/26359.json]
[techtrix.peacefulqode.com/wp-json/oembed/1.0/embed55b2.json]
[techtrix.peacefulqode.com/wp-json/oembed/1.0/embed9098]
[techtrix.peacefulqode.com/onepage-2/index.html]
[techtrix.peacefulqode.com/wp-json/wp/v2/pages/26404.json]
[techtrix.peacefulqode.com/wp-json/oembed/1.0/embedc287.json]
[techtrix.peacefulqode.com/wp-json/oembed/1.0/embed05b6]
[techtrix.peacefulqode.com/onepage-3/index.html]
[techtrix.peacefulqode.com/wp-json/wp/v2/pages/4128.json]
[techtrix.peacefulqode.com/wp-json/oembed/1.0/embed7ed3.json]
[techtrix.peacefulqode.com/wp-json/oembed/1.0/embeddb49]
[techtrix.peacefulqode.com/wp-content/uploads/2021/06/service-img.jpg]
[techtrix.peacefulqode.com/wp-content/uploads/2020/12/4.jpg]
[techtrix.peacefulqode.com/software-development/index.html]
[techtrix.peacefulqode.com/wp-json/wp/v2/pages/4143.json]
[techtrix.peacefulqode.com/wp-json/oembed/1.0/embed9329.json]
[techtrix.peacefulqode.com/wp-json/oembed/1.0/embed9ea2]
[techtrix.peacefulqode.com/web-development/index.html]
[techtrix.peacefulqode.com/wp-json/wp/v2/pages/6884.json]
[techtrix.peacefulqode.com/wp-json/oembed/1.0/embed4405.json]
[techtrix.peacefulqode.com/wp-json/oembed/1.0/embede14b]
[techtrix.peacefulqode.com/mobile-development/index.html]
[techtrix.peacefulqode.com/wp-json/wp/v2/pages/6909.json]
[techtrix.peacefulqode.com/wp-json/oembed/1.0/embed426f.json]
[techtrix.peacefulqode.com/wp-json/oembed/1.0/embed9f91]
[techtrix.peacefulqode.com/app-development/index.html]
[techtrix.peacefulqode.com/wp-json/wp/v2/pages/6890.json]
[techtrix.peacefulqode.com/wp-json/oembed/1.0/embed5cec.json]
[techtrix.peacefulqode.com/wp-json/oembed/1.0/embed9e94]
[techtrix.peacefulqode.com/qa-testing/index.html]
[techtrix.peacefulqode.com/wp-json/wp/v2/pages/5999.json]
[techtrix.peacefulqode.com/wp-json/oembed/1.0/embed76c9.json]
[techtrix.peacefulqode.com/wp-json/oembed/1.0/embedf7a9]
[techtrix.peacefulqode.com/product-design/index.html]
[techtrix.peacefulqode.com/wp-json/wp/v2/pages/4125.json]
[techtrix.peacefulqode.com/wp-json/oembed/1.0/embed47f4.json]
[techtrix.peacefulqode.com/wp-json/oembed/1.0/embed94b9]
[techtrix.peacefulqode.com/wp-content/uploads/elementor/thumbs/blog-3-p8421lef49zqr5a16s4v6a9mlhzrloj02rsazjgsj4.jpg]
[techtrix.peacefulqode.com/wp-content/uploads/2021/06/11.jpg]
[techtrix.peacefulqode.com/wp-content/uploads/elementor/thumbs/blog-2-p8421hn00asxl1fbgpx4mngggm733kolk78oxfi59g.jpg]
[techtrix.peacefulqode.com/about-us/index.html]
[techtrix.peacefulqode.com/wp-json/wp/v2/pages/4132.json]
[techtrix.peacefulqode.com/wp-json/oembed/1.0/embedd7e9.json]
[techtrix.peacefulqode.com/wp-json/oembed/1.0/embed4f18]
[techtrix.peacefulqode.com/services/index.html]
[techtrix.peacefulqode.com/wp-json/wp/v2/pages/4135.json]
[techtrix.peacefulqode.com/wp-json/oembed/1.0/embed8f05.json]
[techtrix.peacefulqode.com/wp-json/oembed/1.0/embeda79e]
[techtrix.peacefulqode.com/our-team/index.html]
[techtrix.peacefulqode.com/wp-json/wp/v2/pages/23265.json]
[techtrix.peacefulqode.com/wp-json/oembed/1.0/embedd810.json]
[techtrix.peacefulqode.com/wp-json/oembed/1.0/embed4e6a]
[techtrix.peacefulqode.com/ledership/index.html]
[techtrix.peacefulqode.com/wp-json/wp/v2/pages/26307.json]
[techtrix.peacefulqode.com/wp-json/oembed/1.0/embed6a8b.json]
[techtrix.peacefulqode.com/wp-json/oembed/1.0/embed4a68]
[techtrix.peacefulqode.com/wp-content/uploads/2021/07/10.jpg]
[techtrix.peacefulqode.com/wp-content/uploads/2021/07/7.jpg]
[techtrix.peacefulqode.com/wp-content/uploads/2021/07/9.jpg]
[techtrix.peacefulqode.com/wp-content/uploads/2021/07/3.jpg]
[techtrix.peacefulqode.com/wp-content/uploads/2021/07/8.jpg]
[techtrix.peacefulqode.com/2-column-shop/index.html]
[techtrix.peacefulqode.com/wp-json/wp/v2/pages/26293.json]
[techtrix.peacefulqode.com/wp-json/oembed/1.0/embed74c5.json]
[techtrix.peacefulqode.com/wp-json/oembed/1.0/embedc592]
[techtrix.peacefulqode.com/wp-content/uploads/2021/07/6.jpg]
[techtrix.peacefulqode.com/3-column-shop/index.html]
[techtrix.peacefulqode.com/wp-json/wp/v2/pages/26295.json]
[techtrix.peacefulqode.com/wp-json/oembed/1.0/embed8083.json]
[techtrix.peacefulqode.com/wp-json/oembed/1.0/embed56ba]
[techtrix.peacefulqode.com/4-column-shop/index.html]
[techtrix.peacefulqode.com/wp-json/wp/v2/pages/26298.json]
[techtrix.peacefulqode.com/wp-json/oembed/1.0/embedc85a.json]
[techtrix.peacefulqode.com/wp-json/oembed/1.0/embed6321]
[techtrix.peacefulqode.com/5-column-shop/index.html]
[techtrix.peacefulqode.com/wp-json/wp/v2/pages/26300.json]
[techtrix.peacefulqode.com/wp-json/oembed/1.0/embed1ec4.json]
[techtrix.peacefulqode.com/wp-json/oembed/1.0/embed8942]
[techtrix.peacefulqode.com/6-column-shop/index.html]
[techtrix.peacefulqode.com/wp-json/wp/v2/pages/26303.json]
[techtrix.peacefulqode.com/wp-json/oembed/1.0/embed81b4.json]
[techtrix.peacefulqode.com/wp-json/oembed/1.0/embed4e13]
[techtrix.peacefulqode.com/best-selling-products/index.html]
[techtrix.peacefulqode.com/wp-json/wp/v2/pages/26305.json]
[techtrix.peacefulqode.com/wp-json/oembed/1.0/embed1bf2.json]
[techtrix.peacefulqode.com/wp-json/oembed/1.0/embeddddf]
[techtrix.peacefulqode.com/on-sale-products/index.html]
[techtrix.peacefulqode.com/wp-json/wp/v2/pages/4181.json]
[techtrix.peacefulqode.com/wp-json/oembed/1.0/embed20ed.json]
[techtrix.peacefulqode.com/wp-json/oembed/1.0/embedec9b]
[techtrix.peacefulqode.com/pricing-plan/index.html]
[techtrix.peacefulqode.com/wp-json/wp/v2/pages/4175.json]
[techtrix.peacefulqode.com/wp-json/oembed/1.0/embed441f.json]
[techtrix.peacefulqode.com/wp-json/oembed/1.0/embed5e9a]
[techtrix.peacefulqode.com/wp-content/uploads/elementor/thumbs/11-1-p847ue9tbmf2cr3vq7y2mk6s55g0cgoqq71lhibufg.jpg]
[techtrix.peacefulqode.com/faq/index.html]
[techtrix.peacefulqode.com/404.html]
[techtrix.peacefulqode.com/wp-json/wp/v2/pages/4002.json]
[techtrix.peacefulqode.com/wp-json/oembed/1.0/embedb85f.json]
[techtrix.peacefulqode.com/wp-json/oembed/1.0/embedb745]
[techtrix.peacefulqode.com/standard/index.html]
[techtrix.peacefulqode.com/wp-json/wp/v2/pages/4154.json]
[techtrix.peacefulqode.com/wp-json/oembed/1.0/embede1c2.json]
[techtrix.peacefulqode.com/wp-json/oembed/1.0/embedcb8f]
[techtrix.peacefulqode.com/masonry/index.html]
[techtrix.peacefulqode.com/wp-json/wp/v2/pages/4157.json]
[techtrix.peacefulqode.com/wp-json/oembed/1.0/embedb592.json]
[techtrix.peacefulqode.com/wp-json/oembed/1.0/embed5909]
[techtrix.peacefulqode.com/masonry-joined/index.html]
[techtrix.peacefulqode.com/wp-json/wp/v2/pages/4160.json]
[techtrix.peacefulqode.com/wp-json/oembed/1.0/embedc76c.json]
[techtrix.peacefulqode.com/wp-json/oembed/1.0/embed1a55]
[techtrix.peacefulqode.com/2-columns/index.html]
[techtrix.peacefulqode.com/wp-json/wp/v2/pages/4162.json]
[techtrix.peacefulqode.com/wp-json/oembed/1.0/embedff0e.json]
[techtrix.peacefulqode.com/wp-json/oembed/1.0/embede723]
[techtrix.peacefulqode.com/3-columns/index.html]
[techtrix.peacefulqode.com/wp-json/wp/v2/pages/4164.json]
[techtrix.peacefulqode.com/wp-json/oembed/1.0/embed3337.json]
[techtrix.peacefulqode.com/wp-json/oembed/1.0/embed59ff]
[techtrix.peacefulqode.com/3-columns-wide/index.html]
[techtrix.peacefulqode.com/wp-json/wp/v2/pages/4166.json]
[techtrix.peacefulqode.com/wp-json/oembed/1.0/embedf660.json]
[techtrix.peacefulqode.com/wp-json/oembed/1.0/embeddc6c]
[techtrix.peacefulqode.com/4-columns-wide/index.html]
[techtrix.peacefulqode.com/wp-json/wp/v2/pages/5214.json]
[techtrix.peacefulqode.com/wp-json/oembed/1.0/embedddd7.json]
[techtrix.peacefulqode.com/wp-json/oembed/1.0/embedea51]
[techtrix.peacefulqode.com/wp-content/uploads/2021/06/13.jpg]
[techtrix.peacefulqode.com/wp-content/uploads/2021/01/8.jpg]
[techtrix.peacefulqode.com/wp-content/uploads/2021/01/6.jpg]
[techtrix.peacefulqode.com/portfolio-single/index.html]
[techtrix.peacefulqode.com/wp-json/wp/v2/pages/4189.json]
[techtrix.peacefulqode.com/wp-json/oembed/1.0/embed9b0e.json]
[techtrix.peacefulqode.com/wp-json/oembed/1.0/embede222]
[techtrix.peacefulqode.com/wp-content/uploads/2021/06/blog-5-90x70.jpg]
[techtrix.peacefulqode.com/one-column-blog/index.html]
[techtrix.peacefulqode.com/wp-json/wp/v2/pages/4191.json]
[techtrix.peacefulqode.com/wp-json/oembed/1.0/embedb0cc.json]
[techtrix.peacefulqode.com/wp-json/oembed/1.0/embed0258]
[techtrix.peacefulqode.com/two-column-blog/index.html]
[techtrix.peacefulqode.com/wp-json/wp/v2/pages/4193.json]
[techtrix.peacefulqode.com/wp-json/oembed/1.0/embed557d.json]
[techtrix.peacefulqode.com/wp-json/oembed/1.0/embedc687]
[techtrix.peacefulqode.com/three-column-blog/index.html]
[techtrix.peacefulqode.com/wp-json/wp/v2/pages/4199.json]
[techtrix.peacefulqode.com/wp-json/oembed/1.0/embed6f68.json]
[techtrix.peacefulqode.com/wp-json/oembed/1.0/embed22b4]
[techtrix.peacefulqode.com/blog-right-sidebar/index.html]
[techtrix.peacefulqode.com/wp-json/wp/v2/pages/4202.json]
[techtrix.peacefulqode.com/wp-json/oembed/1.0/embed0ba6.json]
[techtrix.peacefulqode.com/wp-json/oembed/1.0/embedb63e]
[techtrix.peacefulqode.com/blog-left-sidebar/index.html]
[techtrix.peacefulqode.com/app-promotes-sales-profits-in-it-solutions/feed/index.html]
[techtrix.peacefulqode.com/wp-json/wp/v2/posts/7401.json]
[techtrix.peacefulqode.com/wp-json/oembed/1.0/embede9b9.json]
[techtrix.peacefulqode.com/wp-json/oembed/1.0/embed7310]
[techtrix.peacefulqode.com/wp-includes/js/comment-reply.mine63c.js]
[techtrix.peacefulqode.com/app-promotes-sales-profits-in-it-solutions/index.html]
[techtrix.peacefulqode.com/wp-json/wp/v2/pages/4620.json]
[techtrix.peacefulqode.com/wp-json/oembed/1.0/embedc2e2.json]
[techtrix.peacefulqode.com/wp-json/oembed/1.0/embed5310]
[techtrix.peacefulqode.com/contact-us/index.html]
[techtrix.peacefulqode.com/wp-json/oembed/1.0/embed867b.json]
[techtrix.peacefulqode.com/wp-json/oembed/1.0/embed2009]
[techtrix.peacefulqode.com/portfolio/professional-services/index.html]
[techtrix.peacefulqode.com/portfolio-categories/cloud/index.html]
[techtrix.peacefulqode.com/portfolio-categories/cloud/feed/index.html]
[techtrix.peacefulqode.com/wp-content/uploads/2021/06/12-1.jpg]
[techtrix.peacefulqode.com/wp-content/uploads/2021/06/11-2.jpg]
[techtrix.peacefulqode.com/portfolio-categories/design/index.html]
[techtrix.peacefulqode.com/portfolio-categories/design/feed/index.html]
[techtrix.peacefulqode.com/wp-json/oembed/1.0/embed865c.json]
[techtrix.peacefulqode.com/wp-json/oembed/1.0/embedabfc]
[techtrix.peacefulqode.com/portfolio/data-protection/index.html]
[techtrix.peacefulqode.com/portfolio-categories/technology/index.html]
[techtrix.peacefulqode.com/wp-json/oembed/1.0/embed9aaf.json]
[techtrix.peacefulqode.com/portfolio-categories/technology/feed/index.html]
[techtrix.peacefulqode.com/wp-json/oembed/1.0/embed55a9]
[techtrix.peacefulqode.com/portfolio/business-production/index.html]
[techtrix.peacefulqode.com/wp-json/oembed/1.0/embedb9bb.json]
[techtrix.peacefulqode.com/wp-json/oembed/1.0/embed2100]
[techtrix.peacefulqode.com/wp-content/uploads/2021/06/portfolio-1.jpg]
[techtrix.peacefulqode.com/portfolio/tech-conference/index.html]
[techtrix.peacefulqode.com/portfolio-categories/help-desk/index.html]
[techtrix.peacefulqode.com/portfolio-categories/help-desk/feed/index.html]
[techtrix.peacefulqode.com/wp-json/oembed/1.0/embed5b54.json]
[techtrix.peacefulqode.com/wp-json/oembed/1.0/embed93be]
[techtrix.peacefulqode.com/portfolio/best-it-practices-in-cloud/index.html]
[techtrix.peacefulqode.com/wp-json/oembed/1.0/embed4c6c.json]
[techtrix.peacefulqode.com/wp-json/oembed/1.0/embedf784]
[techtrix.peacefulqode.com/portfolio/app-for-virtual-reality-7/index.html]
[techtrix.peacefulqode.com/wp-json/oembed/1.0/embed5ec7.json]
[techtrix.peacefulqode.com/wp-json/oembed/1.0/embedfac4]
[techtrix.peacefulqode.com/portfolio/cyber-security-analysis/index.html]
[techtrix.peacefulqode.com/wp-json/oembed/1.0/embed88eb.json]
[techtrix.peacefulqode.com/wp-json/oembed/1.0/embed15c1]
[techtrix.peacefulqode.com/portfolio/problem-solutions/index.html]
[techtrix.peacefulqode.com/wp-json/oembed/1.0/embed1054.json]
[techtrix.peacefulqode.com/wp-json/oembed/1.0/embed9e17]
[techtrix.peacefulqode.com/portfolio/it-consulting/index.html]
[techtrix.peacefulqode.com/wp-json/oembed/1.0/embed6436.json]
[techtrix.peacefulqode.com/wp-json/oembed/1.0/embed5889]
[techtrix.peacefulqode.com/portfolio/product-engineering/index.html]
[techtrix.peacefulqode.com/2021/01/26/index.html]
[techtrix.peacefulqode.com/category/cyber-security/feed/index.html]
[techtrix.peacefulqode.com/wp-json/wp/v2/categories/18.json]
[techtrix.peacefulqode.com/category/cyber-security/index.html]
[techtrix.peacefulqode.com/wp-json/wp/v2/categories/17.json]
[techtrix.peacefulqode.com/category/cloud-computing/index.html]
[techtrix.peacefulqode.com/category/cloud-computing/feed/index.html]
[techtrix.peacefulqode.com/in-depth-industry-ecosystem-analysis/feed/index.html]
[techtrix.peacefulqode.com/wp-json/wp/v2/posts/7396.json]
[techtrix.peacefulqode.com/wp-json/oembed/1.0/embed8738.json]
[techtrix.peacefulqode.com/wp-json/oembed/1.0/embed237b]
[techtrix.peacefulqode.com/in-depth-industry-ecosystem-analysis/index.html]
[techtrix.peacefulqode.com/2021/01/09/index.html]
[techtrix.peacefulqode.com/wp-json/wp/v2/categories/3.json]
[techtrix.peacefulqode.com/category/events/index.html]
[techtrix.peacefulqode.com/category/events/feed/index.html]
[techtrix.peacefulqode.com/new-remote-workers-visible-to-security/feed/index.html]
[techtrix.peacefulqode.com/wp-json/wp/v2/posts/4461.json]
[techtrix.peacefulqode.com/wp-json/oembed/1.0/embedc448.json]
[techtrix.peacefulqode.com/wp-json/oembed/1.0/embedf3fc]
[techtrix.peacefulqode.com/new-remote-workers-visible-to-security/index.html]
[techtrix.peacefulqode.com/ways-to-develop-a-world-class-sales-operations/feed/index.html]
[techtrix.peacefulqode.com/wp-json/wp/v2/posts/4456.json]
[techtrix.peacefulqode.com/wp-json/oembed/1.0/embede53c.json]
[techtrix.peacefulqode.com/wp-json/oembed/1.0/embed3747]
[techtrix.peacefulqode.com/ways-to-develop-a-world-class-sales-operations/index.html]
[techtrix.peacefulqode.com/how-can-i-manage-it-business-factor/feed/index.html]
[techtrix.peacefulqode.com/wp-json/wp/v2/posts/4446.json]
[techtrix.peacefulqode.com/wp-json/oembed/1.0/embed4982.json]
[techtrix.peacefulqode.com/wp-json/oembed/1.0/embedf6ac]
[techtrix.peacefulqode.com/how-can-i-manage-it-business-factor/index.html]
[techtrix.peacefulqode.com/wp-json/wp/v2/categories/19.json]
[techtrix.peacefulqode.com/category/device-management/index.html]
[techtrix.peacefulqode.com/category/device-management/feed/index.html]
[techtrix.peacefulqode.com/define-world-best-it-solution-technology/feed/index.html]
[techtrix.peacefulqode.com/wp-json/wp/v2/posts/4441.json]
[techtrix.peacefulqode.com/wp-json/oembed/1.0/embed3058.json]
[techtrix.peacefulqode.com/wp-json/oembed/1.0/embed4585]
[techtrix.peacefulqode.com/define-world-best-it-solution-technology/index.html]
[techtrix.peacefulqode.com/building-data-analytics-software/feed/index.html]
[techtrix.peacefulqode.com/wp-json/wp/v2/posts/4436.json]
[techtrix.peacefulqode.com/wp-json/oembed/1.0/embed44ee.json]
[techtrix.peacefulqode.com/wp-json/oembed/1.0/embedfa08]
[techtrix.peacefulqode.com/building-data-analytics-software/index.html]
[techtrix.peacefulqode.com/plan-your-project-with-your-software/feed/index.html]
[techtrix.peacefulqode.com/wp-json/wp/v2/posts/4431.json]
[techtrix.peacefulqode.com/wp-json/oembed/1.0/embed2222.json]
[techtrix.peacefulqode.com/wp-json/oembed/1.0/embed017f]
[techtrix.peacefulqode.com/plan-your-project-with-your-software/index.html]
[techtrix.peacefulqode.com/tips-to-make-your-workforce-a-security/feed/index.html]
[techtrix.peacefulqode.com/wp-json/wp/v2/posts/4426.json]
[techtrix.peacefulqode.com/wp-json/oembed/1.0/embedb543.json]
[techtrix.peacefulqode.com/wp-json/oembed/1.0/embed126e]
[techtrix.peacefulqode.com/tips-to-make-your-workforce-a-security/index.html]
[techtrix.peacefulqode.com/planning-your-online-business-goals/feed/index.html]
[techtrix.peacefulqode.com/wp-json/wp/v2/posts/4419.json]
[techtrix.peacefulqode.com/wp-json/oembed/1.0/embed497e.json]
[techtrix.peacefulqode.com/wp-json/oembed/1.0/embed374f]
[techtrix.peacefulqode.com/planning-your-online-business-goals/index.html]
[techtrix.peacefulqode.com/wp-content/plugins/woocommerce/assets/client/blocks/wc-blocksff95.css]
[techtrix.peacefulqode.com/wp-content/plugins/elementor/assets/lib/animations/animations.mina1c3.css]
[techtrix.peacefulqode.com/wp-content/plugins/revslider/public/assets/fonts/revicons/revicons90c6.eot]
[techtrix.peacefulqode.com/wp-content/plugins/revslider/public/assets/fonts/revicons/revicons90c6.ttf]
[techtrix.peacefulqode.com/wp-content/plugins/revslider/public/assets/assets/gridtile.png]
[techtrix.peacefulqode.com/wp-content/plugins/revslider/public/assets/assets/gridtile_white.png]
[techtrix.peacefulqode.com/wp-content/plugins/revslider/public/assets/assets/gridtile_3x3.png]
[techtrix.peacefulqode.com/wp-content/plugins/revslider/public/assets/assets/gridtile_3x3_white.png]
[techtrix.peacefulqode.com/wp-content/plugins/revslider/public/assets/assets/coloredbg.png]
[techtrix.peacefulqode.com/wp-content/plugins/revslider/public/assets/assets/loader.gif]
[techtrix.peacefulqode.com/wp-content/plugins/revslider/public/assets/css/rs6627e.css]
[techtrix.peacefulqode.com/wp-content/plugins/techtrix-core/assests/css/owl.video.play.html]
[techtrix.peacefulqode.com/wp-content/plugins/techtrix-core/assests/css/flaticon/collection-1/Flaticon.html]
[techtrix.peacefulqode.com/wp-content/plugins/techtrix-core/assests/css/flaticon/collection-1/Flaticon.svg]
[techtrix.peacefulqode.com/wp-content/plugins/techtrix-core/assests/css/flaticon/collection-2/Flaticon.svg]
[techtrix.peacefulqode.com/wp-content/plugins/techtrix-core/assests/css/flaticon/collection-3/Flaticon.svg]
[techtrix.peacefulqode.com/wp-content/plugins/techtrix-core/assests/fonts/ionicons28b5.svg]
[techtrix.peacefulqode.com/wp-content/plugins/techtrix-core/assests/images/arrow-left.html]
[techtrix.peacefulqode.com/wp-content/plugins/techtrix-core/assests/images/arrow-right.html]
[techtrix.peacefulqode.com/wp-content/plugins/techtrix-core/assests/fonts/themify9f24.svg]
[techtrix.peacefulqode.com/wp-content/plugins/techtrix-core/assests/css/mCSB_buttons.html]
[techtrix.peacefulqode.com/wp-content/plugins/woocommerce/assets/images/icons/loader.svg]
[techtrix.peacefulqode.com/wp-content/plugins/woocommerce/assets/images/icons/credit-cards/visa.svg]
[techtrix.peacefulqode.com/wp-content/plugins/woocommerce/assets/images/icons/credit-cards/mastercard.svg]
[techtrix.peacefulqode.com/wp-content/plugins/woocommerce/assets/images/icons/credit-cards/laser.svg]
[techtrix.peacefulqode.com/wp-content/plugins/woocommerce/assets/images/icons/credit-cards/diners.svg]
[techtrix.peacefulqode.com/wp-content/plugins/woocommerce/assets/images/icons/credit-cards/maestro.svg]
[techtrix.peacefulqode.com/wp-content/plugins/woocommerce/assets/images/icons/credit-cards/jcb.svg]
[techtrix.peacefulqode.com/wp-content/plugins/woocommerce/assets/images/icons/credit-cards/amex.svg]
[techtrix.peacefulqode.com/wp-content/plugins/woocommerce/assets/images/icons/credit-cards/discover.svg]
[techtrix.peacefulqode.com/wp-content/plugins/elementor/assets/lib/eicons/fonts/eiconsb732.svg]
[techtrix.peacefulqode.com/wp-content/plugins/elementor/assets/lib/font-awesome/webfonts/fa-brands-400.svg]
[techtrix.peacefulqode.com/wp-content/plugins/elementor/assets/lib/font-awesome/webfonts/fa-regular-400.svg]
[techtrix.peacefulqode.com/wp-content/plugins/elementor/assets/lib/font-awesome/webfonts/fa-solid-900.svg]
[techtrix.peacefulqode.com/wp-content/plugins/elementor/assets/lib/font-awesome/fonts/fontawesome-webfont3e6e.svg]
[techtrix.peacefulqode.com/wp-content/themes/techtrix/assets/fonts/ionicons28b5.svg]
[techtrix.peacefulqode.com/wp-content/themes/techtrix/assets/fonts/la-brands-400.svg]
[techtrix.peacefulqode.com/wp-content/themes/techtrix/assets/fonts/la-regular-400.svg]
[techtrix.peacefulqode.com/wp-content/themes/techtrix/assets/fonts/la-solid-900.svg]
[techtrix.peacefulqode.com/wp-content/uploads/elementor/css/post-1081081f.css]
[techtrix.peacefulqode.com/wp-content/plugins/elementor/assets/lib/font-awesome/css/fontawesome.min52d5.css]
[techtrix.peacefulqode.com/wp-content/plugins/elementor/assets/lib/font-awesome/css/solid.min52d5.css]
[techtrix.peacefulqode.com/index2735.html]
[techtrix.peacefulqode.com/wp-content/uploads/2021/06/19.jpg]
[techtrix.peacefulqode.com/wp-content/uploads/elementor/css/post-24030967d.css]
[techtrix.peacefulqode.com/index7450.html]
[techtrix.peacefulqode.com/wp-content/uploads/elementor/css/post-738967d.css]
[techtrix.peacefulqode.com/index9c73.html]
[techtrix.peacefulqode.com/analytic-solutions/index.html]
[techtrix.peacefulqode.com/wp-json/wp/v2/pages/5996.json]
[techtrix.peacefulqode.com/wp-json/oembed/1.0/embede18d.json]
[techtrix.peacefulqode.com/wp-json/oembed/1.0/embed9763]
[techtrix.peacefulqode.com/cloud-and-devops/index.html]
[techtrix.peacefulqode.com/wp-content/uploads/2021/06/sp_badge_goodFirms.svg]
[techtrix.peacefulqode.com/wp-content/uploads/elementor/css/post-24809081f.css]
[techtrix.peacefulqode.com/indexfb55.html]
[techtrix.peacefulqode.com/wp-content/uploads/elementor/css/post-107658a4.css]
[techtrix.peacefulqode.com/indexa83f.html]
[techtrix.peacefulqode.com/wp-content/uploads/2022/06/3-2.png]
[techtrix.peacefulqode.com/wp-content/uploads/elementor/css/post-2756358a4.css]
[techtrix.peacefulqode.com/indexb30e.html]
[techtrix.peacefulqode.com/wp-content/plugins/elementor/assets/images/placeholder.png]
[techtrix.peacefulqode.com/wp-content/uploads/2023/07/1-5-1.jpg]
[techtrix.peacefulqode.com/wp-content/uploads/elementor/css/post-27571967d.css]
[techtrix.peacefulqode.com/index3d18.html]
[techtrix.peacefulqode.com/wp-content/uploads/2021/06/team-8.html]
[techtrix.peacefulqode.com/wp-content/uploads/elementor/css/post-277325640.css]
[techtrix.peacefulqode.com/wp-content/uploads/elementor/css/post-277305640.css]
[techtrix.peacefulqode.com/wp-content/uploads/elementor/css/post-27572081f.css]
[techtrix.peacefulqode.com/index0160.html]
[techtrix.peacefulqode.com/wp-content/uploads/elementor/css/post-26997b2ed.css]
[techtrix.peacefulqode.com/indexf852.html]
[techtrix.peacefulqode.com/wp-content/uploads/2022/06/2-2-2.jpg]
[techtrix.peacefulqode.com/wp-content/uploads/elementor/css/post-26838b2ed.css]
[techtrix.peacefulqode.com/indexa133.html]
[techtrix.peacefulqode.com/wp-content/uploads/elementor/css/post-26898b2ed.css]
[techtrix.peacefulqode.com/wp-content/uploads/elementor/css/post-26900b2ed.css]
[techtrix.peacefulqode.com/wp-content/uploads/elementor/css/post-2684766f4.css]
[techtrix.peacefulqode.com/index77c4.html]
[techtrix.peacefulqode.com/wp-content/uploads/elementor/css/post-26904b2ed.css]
[techtrix.peacefulqode.com/wp-content/uploads/elementor/css/post-26902b2ed.css]
[techtrix.peacefulqode.com/wp-content/uploads/elementor/css/post-26219b2ed.css]
[techtrix.peacefulqode.com/index77eb.html]
[techtrix.peacefulqode.com/wp-content/uploads/elementor/css/post-2635966f4.css]
[techtrix.peacefulqode.com/index0959.html]
[techtrix.peacefulqode.com/wp-content/uploads/elementor/css/post-2640466f4.css]
[techtrix.peacefulqode.com/index117b.html]
[techtrix.peacefulqode.com/wp-content/uploads/elementor/css/post-4128a71c.css]
[techtrix.peacefulqode.com/indexc185.html]
[techtrix.peacefulqode.com/wp-content/uploads/elementor/css/post-41433611.css]
[techtrix.peacefulqode.com/index2483.html]
[techtrix.peacefulqode.com/wp-content/uploads/elementor/css/post-68845836.css]
[techtrix.peacefulqode.com/index2ec6.html]
[techtrix.peacefulqode.com/wp-content/uploads/elementor/css/post-6909cea1.css]
[techtrix.peacefulqode.com/index8ba8.html]
[techtrix.peacefulqode.com/wp-content/uploads/elementor/css/post-6890bdb3.css]
[techtrix.peacefulqode.com/index49a5.html]
[techtrix.peacefulqode.com/wp-content/uploads/elementor/css/post-59995713.css]
[techtrix.peacefulqode.com/index4b8b.html]
[techtrix.peacefulqode.com/wp-content/uploads/elementor/css/post-4125cd3e.css]
[techtrix.peacefulqode.com/indexd560.html]
[techtrix.peacefulqode.com/wp-content/uploads/2021/06/Group-19.svg]
[techtrix.peacefulqode.com/wp-content/uploads/elementor/css/post-4132b8e2.css]
[techtrix.peacefulqode.com/indexb533.html]
[techtrix.peacefulqode.com/wp-content/uploads/elementor/css/post-4135a95d.css]
[techtrix.peacefulqode.com/index1b0e.html]
[techtrix.peacefulqode.com/wp-content/uploads/elementor/css/post-232651f52.css]
[techtrix.peacefulqode.com/indexc4f6.html]
[techtrix.peacefulqode.com/indexfa6e.html]
[techtrix.peacefulqode.com/product/logo-collection/feed/index.html]
[techtrix.peacefulqode.com/wp-content/plugins/woocommerce/assets/js/zoom/jquery.zoom.minac9b.js]
[techtrix.peacefulqode.com/wp-content/plugins/woocommerce/assets/js/flexslider/jquery.flexslider.minba65.js]
[techtrix.peacefulqode.com/wp-content/plugins/woocommerce/assets/js/photoswipe/photoswipe.min0c72.js]
[techtrix.peacefulqode.com/wp-content/plugins/woocommerce/assets/js/photoswipe/photoswipe-ui-default.min0c72.js]
[techtrix.peacefulqode.com/wp-content/plugins/woocommerce/assets/js/frontend/single-product.min5d2d.js]
[techtrix.peacefulqode.com/wp-json/wp/v2/product/26245.json]
[techtrix.peacefulqode.com/wp-json/oembed/1.0/embedd1d4.json]
[techtrix.peacefulqode.com/wp-json/oembed/1.0/embed9f1f]
[techtrix.peacefulqode.com/product/logo-collection/index.html]
[techtrix.peacefulqode.com/wp-content/uploads/2021/07/7-300x300.jpg]
[techtrix.peacefulqode.com/2-column-shop/index7955.html]
[techtrix.peacefulqode.com/wp-json/wp/v2/product/26236.json]
[techtrix.peacefulqode.com/wp-json/oembed/1.0/embedd933.json]
[techtrix.peacefulqode.com/product/single/feed/index.html]
[techtrix.peacefulqode.com/wp-json/oembed/1.0/embedc0f7]
[techtrix.peacefulqode.com/product/single/index.html]
[techtrix.peacefulqode.com/wp-content/uploads/woocommerce-placeholder.png]
[techtrix.peacefulqode.com/2-column-shop/index85ad.html]
[techtrix.peacefulqode.com/wp-json/wp/v2/product/26230.json]
[techtrix.peacefulqode.com/product/sunglasses/feed/index.html]
[techtrix.peacefulqode.com/wp-json/oembed/1.0/embed0b38.json]
[techtrix.peacefulqode.com/wp-json/oembed/1.0/embed7d01]
[techtrix.peacefulqode.com/product/sunglasses/index.html]
[techtrix.peacefulqode.com/wp-content/uploads/2021/07/9-300x300.jpg]
[techtrix.peacefulqode.com/2-column-shop/indexbba0.html]
[techtrix.peacefulqode.com/wp-json/wp/v2/product/26228.json]
[techtrix.peacefulqode.com/product/belt/feed/index.html]
[techtrix.peacefulqode.com/wp-json/oembed/1.0/embed6859.json]
[techtrix.peacefulqode.com/wp-json/oembed/1.0/embedfb8b]
[techtrix.peacefulqode.com/product/belt/index.html]
[techtrix.peacefulqode.com/wp-content/uploads/2021/07/3-300x300.jpg]
[techtrix.peacefulqode.com/2-column-shop/index9d67.html]
[techtrix.peacefulqode.com/wp-json/wp/v2/product/26232.json]
[techtrix.peacefulqode.com/product/hoodie-with-zipper/feed/index.html]
[techtrix.peacefulqode.com/wp-json/oembed/1.0/embed860a.json]
[techtrix.peacefulqode.com/wp-json/oembed/1.0/embed6a38]
[techtrix.peacefulqode.com/product/hoodie-with-zipper/index.html]
[techtrix.peacefulqode.com/wp-content/uploads/2021/07/8-300x300.jpg]
[techtrix.peacefulqode.com/2-column-shop/index120a.html]
[techtrix.peacefulqode.com/wp-json/wp/v2/product/26227.json]
[techtrix.peacefulqode.com/product/beanie/feed/index.html]
[techtrix.peacefulqode.com/wp-json/oembed/1.0/embedfe12.json]
[techtrix.peacefulqode.com/wp-json/oembed/1.0/embedfc1b]
[techtrix.peacefulqode.com/product/beanie/index.html]
[techtrix.peacefulqode.com/2-column-shop/index37fc.html]
[techtrix.peacefulqode.com/index6852.html]
[techtrix.peacefulqode.com/3-column-shop/index7955.html]
[techtrix.peacefulqode.com/3-column-shop/indexbba0.html]
[techtrix.peacefulqode.com/3-column-shop/index85ad.html]
[techtrix.peacefulqode.com/3-column-shop/index4872.html]
[techtrix.peacefulqode.com/wp-json/wp/v2/product/26226.json]
[techtrix.peacefulqode.com/product/t-shirt/feed/index.html]
[techtrix.peacefulqode.com/wp-json/oembed/1.0/embed4c2b.json]
[techtrix.peacefulqode.com/wp-json/oembed/1.0/embede04d]
[techtrix.peacefulqode.com/product/t-shirt/index.html]
[techtrix.peacefulqode.com/wp-content/uploads/2021/07/6-300x300.jpg]
[techtrix.peacefulqode.com/3-column-shop/index0e31.html]
[techtrix.peacefulqode.com/wp-json/wp/v2/product/26235.json]
[techtrix.peacefulqode.com/product/album/feed/index.html]
[techtrix.peacefulqode.com/wp-json/oembed/1.0/embedeb16.json]
[techtrix.peacefulqode.com/wp-json/oembed/1.0/embed7066]
[techtrix.peacefulqode.com/product/album/index.html]
[techtrix.peacefulqode.com/3-column-shop/index37fc.html]
[techtrix.peacefulqode.com/index8ea4.html]
[techtrix.peacefulqode.com/4-column-shop/index0e31.html]
[techtrix.peacefulqode.com/4-column-shop/index4872.html]
[techtrix.peacefulqode.com/4-column-shop/index120a.html]
[techtrix.peacefulqode.com/4-column-shop/indexbba0.html]
[techtrix.peacefulqode.com/4-column-shop/index9d67.html]
[techtrix.peacefulqode.com/4-column-shop/index85ad.html]
[techtrix.peacefulqode.com/4-column-shop/index7955.html]
[techtrix.peacefulqode.com/index5042.html]
[techtrix.peacefulqode.com/5-column-shop/index0e31.html]
[techtrix.peacefulqode.com/5-column-shop/index4872.html]
[techtrix.peacefulqode.com/5-column-shop/index9d67.html]
[techtrix.peacefulqode.com/5-column-shop/index7955.html]
[techtrix.peacefulqode.com/5-column-shop/index85ad.html]
[techtrix.peacefulqode.com/5-column-shop/indexbba0.html]
[techtrix.peacefulqode.com/5-column-shop/index120a.html]
[techtrix.peacefulqode.com/index4484.html]
[techtrix.peacefulqode.com/6-column-shop/indexbba0.html]
[techtrix.peacefulqode.com/6-column-shop/index120a.html]
[techtrix.peacefulqode.com/6-column-shop/index4872.html]
[techtrix.peacefulqode.com/6-column-shop/index0e31.html]
[techtrix.peacefulqode.com/6-column-shop/index7955.html]
[techtrix.peacefulqode.com/6-column-shop/index9d67.html]
[techtrix.peacefulqode.com/6-column-shop/index85ad.html]
[techtrix.peacefulqode.com/indexef37.html]
[techtrix.peacefulqode.com/best-selling-products/index0e31.html]
[techtrix.peacefulqode.com/best-selling-products/index120a.html]
[techtrix.peacefulqode.com/best-selling-products/index4872.html]
[techtrix.peacefulqode.com/best-selling-products/indexbba0.html]
[techtrix.peacefulqode.com/best-selling-products/index85ad.html]
[techtrix.peacefulqode.com/best-selling-products/index9d67.html]
[techtrix.peacefulqode.com/best-selling-products/index37fc.html]
[techtrix.peacefulqode.com/index79d8.html]
[techtrix.peacefulqode.com/on-sale-products/index7955.html]
[techtrix.peacefulqode.com/on-sale-products/index120a.html]
[techtrix.peacefulqode.com/on-sale-products/indexbba0.html]
[techtrix.peacefulqode.com/wp-content/uploads/elementor/css/post-41810904.css]
[techtrix.peacefulqode.com/index6e2c.html]
[techtrix.peacefulqode.com/wp-content/uploads/elementor/css/post-4175a96b.css]
[techtrix.peacefulqode.com/index906d.html]
[techtrix.peacefulqode.com/wp-content/uploads/elementor/css/post-4002cae9.css]
[techtrix.peacefulqode.com/indexa5c8.html]
[techtrix.peacefulqode.com/wp-content/uploads/elementor/css/post-4154ac22.css]
[techtrix.peacefulqode.com/index3b87.html]
[techtrix.peacefulqode.com/wp-content/uploads/elementor/css/post-41574dc4.css]
[techtrix.peacefulqode.com/indexa5e4.html]
[techtrix.peacefulqode.com/wp-content/uploads/elementor/css/post-4160baa3.css]
[techtrix.peacefulqode.com/index0515.html]
[techtrix.peacefulqode.com/wp-content/uploads/elementor/css/post-4162838e.css]
[techtrix.peacefulqode.com/index0266.html]
[techtrix.peacefulqode.com/wp-content/uploads/elementor/css/post-4164d8a8.css]
[techtrix.peacefulqode.com/indexaffa.html]
[techtrix.peacefulqode.com/wp-content/uploads/elementor/css/post-41660edb.css]
[techtrix.peacefulqode.com/indexa78c.html]
[techtrix.peacefulqode.com/wp-content/uploads/elementor/css/post-5214ff4a.css]
[techtrix.peacefulqode.com/wp-content/plugins/elementor/assets/lib/font-awesome/css/brands.min52d5.css]
[techtrix.peacefulqode.com/indexfa9e.html]
[techtrix.peacefulqode.com/wp-content/uploads/elementor/css/post-4189344d.css]
[techtrix.peacefulqode.com/index48ab.html]
[techtrix.peacefulqode.com/one-column-blog/index6146.html]
[techtrix.peacefulqode.com/wp-json/wp/v2/categories/20.json]
[techtrix.peacefulqode.com/category/on-demand-it/index.html]
[techtrix.peacefulqode.com/wp-login.html]
[techtrix.peacefulqode.com/wp-content/uploads/elementor/css/post-4191dd6a.css]
[techtrix.peacefulqode.com/indexa8df.html]
[techtrix.peacefulqode.com/two-column-blog/index6146.html]
[techtrix.peacefulqode.com/wp-content/uploads/elementor/css/post-41935851.css]
[techtrix.peacefulqode.com/indexcc03.html]
[techtrix.peacefulqode.com/three-column-blog/index6146.html]
[techtrix.peacefulqode.com/category/on-demand-it/feed/index.html]
[techtrix.peacefulqode.com/wp-content/uploads/elementor/css/post-41998f28.css]
[techtrix.peacefulqode.com/index7a14.html]
[techtrix.peacefulqode.com/blog-right-sidebar/index6146.html]
[techtrix.peacefulqode.com/wp-content/uploads/elementor/css/post-420216d6.css]
[techtrix.peacefulqode.com/index55da.html]
[techtrix.peacefulqode.com/blog-left-sidebar/index6146.html]
[techtrix.peacefulqode.com/wp-content/uploads/elementor/css/post-7401b402.css]
[techtrix.peacefulqode.com/indexfea2.html]
[techtrix.peacefulqode.com/wp-content/uploads/2021/02/1-11.html]
[techtrix.peacefulqode.com/wp-content/uploads/2021/02/5-3.html]
[techtrix.peacefulqode.com/app-promotes-sales-profits-in-it-solutions/index0e22.html]
[techtrix.peacefulqode.com/app-promotes-sales-profits-in-it-solutions/index267f.html]
[techtrix.peacefulqode.com/app-promotes-sales-profits-in-it-solutions/indexfc06.html]
[techtrix.peacefulqode.com/app-promotes-sales-profits-in-it-solutions/index6944.html]
[techtrix.peacefulqode.com/app-promotes-sales-profits-in-it-solutions/indexfa40.html]
[techtrix.peacefulqode.com/wp-content/uploads/elementor/css/post-46205e2d.css]
[techtrix.peacefulqode.com/index0db5.html]
[techtrix.peacefulqode.com/index44f6.html]
[techtrix.peacefulqode.com/portfolio/index.html]
[techtrix.peacefulqode.com/2021/06/07/index.html]
[techtrix.peacefulqode.com/2021/01/12/index.html]
[techtrix.peacefulqode.com/2020/12/26/index.html]
[techtrix.peacefulqode.com/2020/12/25/index.html]
[techtrix.peacefulqode.com/portfolio/feed/index.html]
[techtrix.peacefulqode.com/2020/12/24/index.html]
[techtrix.peacefulqode.com/wp-json/oembed/1.0/embed6ddc.json]
[techtrix.peacefulqode.com/wp-json/oembed/1.0/embed3469]
[techtrix.peacefulqode.com/portfolio/cyber-security/index.html]
[techtrix.peacefulqode.com/wp-json/oembed/1.0/embed9a2e.json]
[techtrix.peacefulqode.com/wp-json/oembed/1.0/embedf7e2]
[techtrix.peacefulqode.com/portfolio/web-analysis/index.html]
[techtrix.peacefulqode.com/wp-content/uploads/elementor/css/post-22163d45a.css]
[techtrix.peacefulqode.com/index881e.html]
[techtrix.peacefulqode.com/wp-content/uploads/elementor/css/post-221610848.css]
[techtrix.peacefulqode.com/index9ba5.html]
[techtrix.peacefulqode.com/wp-content/uploads/elementor/css/post-5312b8e8.css]
[techtrix.peacefulqode.com/indexb384.html]
[techtrix.peacefulqode.com/wp-content/uploads/elementor/css/post-53070f00.css]
[techtrix.peacefulqode.com/index68d7.html]
[techtrix.peacefulqode.com/wp-content/uploads/2020/12/4-3.html]
[techtrix.peacefulqode.com/wp-content/uploads/elementor/css/post-570af20.css]
[techtrix.peacefulqode.com/indexfa8d.html]
[techtrix.peacefulqode.com/wp-content/uploads/elementor/css/post-56009a6.css]
[techtrix.peacefulqode.com/index46ad.html]
[techtrix.peacefulqode.com/wp-content/uploads/elementor/css/post-559efe1.css]
[techtrix.peacefulqode.com/index45ff.html]
[techtrix.peacefulqode.com/wp-content/uploads/elementor/css/post-558360f.css]
[techtrix.peacefulqode.com/index193e.html]
[techtrix.peacefulqode.com/wp-content/uploads/elementor/css/post-263f617.css]
[techtrix.peacefulqode.com/index8fee.html]
[techtrix.peacefulqode.com/2021/index.html]
[techtrix.peacefulqode.com/2021/01/index.html]
[techtrix.peacefulqode.com/wp-content/uploads/elementor/css/post-7396bdd7.css]
[techtrix.peacefulqode.com/index6ec4.html]
[techtrix.peacefulqode.com/you-must-try-20-secret-of-digital-transform/feed/index.html]
[techtrix.peacefulqode.com/wp-json/wp/v2/posts/402.json]
[techtrix.peacefulqode.com/wp-json/oembed/1.0/embed7af1.json]
[techtrix.peacefulqode.com/wp-json/oembed/1.0/embed81da]
[techtrix.peacefulqode.com/you-must-try-20-secret-of-digital-transform/index.html]
[techtrix.peacefulqode.com/wp-content/uploads/elementor/css/post-4461bdd7.css]
[techtrix.peacefulqode.com/indexf42e.html]
[techtrix.peacefulqode.com/wp-content/uploads/elementor/css/post-445609e0.css]
[techtrix.peacefulqode.com/indexf36b.html]
[techtrix.peacefulqode.com/wp-content/uploads/elementor/css/post-4446f77d.css]
[techtrix.peacefulqode.com/index56f1.html]
[techtrix.peacefulqode.com/wp-content/uploads/elementor/css/post-44415fc7.css]
[techtrix.peacefulqode.com/indexead3.html]
[techtrix.peacefulqode.com/wp-content/uploads/elementor/css/post-4436bdd7.css]
[techtrix.peacefulqode.com/indexee37.html]
[techtrix.peacefulqode.com/wp-content/uploads/elementor/css/post-4431bdd7.css]
[techtrix.peacefulqode.com/index8ba8-2.html]
[techtrix.peacefulqode.com/wp-content/uploads/elementor/css/post-4426b202.css]
[techtrix.peacefulqode.com/indexd968.html]
[techtrix.peacefulqode.com/tips-to-make-your-workforce-a-security/index6f0d.html]
[techtrix.peacefulqode.com/wp-content/uploads/elementor/css/post-4419b202.css]
[techtrix.peacefulqode.com/indexa0dd.html]
[techtrix.peacefulqode.com/wp-content/plugins/revslider/public/assets/fonts/revicons/revicons90c6.svg]
[techtrix.peacefulqode.com/wp-content/plugins/revslider/public/assets/css/openhand.html]
[techtrix.peacefulqode.com/wp-content/plugins/revslider/public/assets/css/closedhand.html]
[techtrix.peacefulqode.com/index81bf.html]
[techtrix.peacefulqode.com/wp-content/plugins/woocommerce/assets/css/photoswipe/default-skin/default-skin.png]
[techtrix.peacefulqode.com/wp-content/plugins/woocommerce/assets/css/photoswipe/photoswipe.min5d2d.css]
[techtrix.peacefulqode.com/wp-content/plugins/woocommerce/assets/css/photoswipe/default-skin/preloader.gif]
[techtrix.peacefulqode.com/wp-content/plugins/woocommerce/assets/css/photoswipe/default-skin/default-skin.min5d2d.css]
[techtrix.peacefulqode.com/index0bdb.html]
[techtrix.peacefulqode.com/product/index.html]
[techtrix.peacefulqode.com/wp-json/wp/v2/product_cat/36.json]
[techtrix.peacefulqode.com/product-category/clothing/index.html]
[techtrix.peacefulqode.com/product-category/clothing/feed/index.html]
[techtrix.peacefulqode.com/cart/indexf7a3.html]
[techtrix.peacefulqode.com/wp-content/plugins/woocommerce/assets/js/frontend/country-select.min5d2d.js]
[techtrix.peacefulqode.com/wp-content/plugins/woocommerce/assets/js/frontend/address-i18n.min5d2d.js]
[techtrix.peacefulqode.com/wp-content/plugins/woocommerce/assets/js/frontend/cart.min5d2d.js]
[techtrix.peacefulqode.com/wp-content/plugins/woocommerce/assets/js/selectWoo/selectWoo.full.minea1a.js]
[techtrix.peacefulqode.com/wp-json/wp/v2/pages/9013.json]
[techtrix.peacefulqode.com/wp-json/oembed/1.0/embed9498.json]
[techtrix.peacefulqode.com/wp-json/oembed/1.0/embed19f4]
[techtrix.peacefulqode.com/cart/index.html]
[techtrix.peacefulqode.com/wp-content/plugins/woocommerce/assets/js/frontend/checkout.min5d2d.js]
[techtrix.peacefulqode.com/wp-json/wp/v2/pages/9014.json]
[techtrix.peacefulqode.com/wp-json/oembed/1.0/embed797e.json]
[techtrix.peacefulqode.com/wp-json/oembed/1.0/embedd01e]
[techtrix.peacefulqode.com/checkout/index.html]
[techtrix.peacefulqode.com/2-column-shop/index0e31.html]
[techtrix.peacefulqode.com/2-column-shop/index4872.html]
[techtrix.peacefulqode.com/2-column-shop/index166c.html]
[techtrix.peacefulqode.com/index44bc.html]
[techtrix.peacefulqode.com/wp-json/wp/v2/product_cat/40.json]
[techtrix.peacefulqode.com/product-category/music/index.html]
[techtrix.peacefulqode.com/product/single/index0e31.html]
[techtrix.peacefulqode.com/product-category/music/feed/index.html]
[techtrix.peacefulqode.com/cart/index2a55.html]
[techtrix.peacefulqode.com/2-column-shop/index508f.html]
[techtrix.peacefulqode.com/indexd2e5.html]
[techtrix.peacefulqode.com/product-category/clothing/accessories/feed/index.html]
[techtrix.peacefulqode.com/wp-json/wp/v2/product_cat/39.json]
[techtrix.peacefulqode.com/product-category/clothing/accessories/index.html]
[techtrix.peacefulqode.com/product/sunglasses/index120a.html]
[techtrix.peacefulqode.com/product/sunglasses/indexbba0.html]
[techtrix.peacefulqode.com/cart/index2bce.html]
[techtrix.peacefulqode.com/2-column-shop/indexbc01.html]
[techtrix.peacefulqode.com/index5a4e.html]
[techtrix.peacefulqode.com/product/belt/index120a.html]
[techtrix.peacefulqode.com/product/belt/index85ad.html]
[techtrix.peacefulqode.com/cart/indexb80a.html]
[techtrix.peacefulqode.com/2-column-shop/indexbeaf.html]
[techtrix.peacefulqode.com/indexd60c.html]
[techtrix.peacefulqode.com/product-category/clothing/hoodies/feed/index.html]
[techtrix.peacefulqode.com/wp-json/wp/v2/product_cat/38.json]
[techtrix.peacefulqode.com/product-category/clothing/hoodies/index.html]
[techtrix.peacefulqode.com/cart/indexe276.html]
[techtrix.peacefulqode.com/2-column-shop/index2ad4.html]
[techtrix.peacefulqode.com/index0b14.html]
[techtrix.peacefulqode.com/product/beanie/indexbba0.html]
[techtrix.peacefulqode.com/product/beanie/index85ad.html]
[techtrix.peacefulqode.com/2-column-shop/index663d.html]
[techtrix.peacefulqode.com/3-column-shop/index120a.html]
[techtrix.peacefulqode.com/3-column-shop/index9d67.html]
[techtrix.peacefulqode.com/3-column-shop/index166c.html]
[techtrix.peacefulqode.com/3-column-shop/indexbc01.html]
[techtrix.peacefulqode.com/3-column-shop/index508f.html]
[techtrix.peacefulqode.com/cart/index5c9f.html]
[techtrix.peacefulqode.com/3-column-shop/indexf88d.html]
[techtrix.peacefulqode.com/index9887.html]
[techtrix.peacefulqode.com/product-category/clothing/tshirts/feed/index.html]
[techtrix.peacefulqode.com/wp-json/wp/v2/product_cat/37.json]
[techtrix.peacefulqode.com/product-category/clothing/tshirts/index.html]
[techtrix.peacefulqode.com/cart/index4168.html]
[techtrix.peacefulqode.com/3-column-shop/index8803.html]
[techtrix.peacefulqode.com/indexbe61.html]
[techtrix.peacefulqode.com/product/album/index7955.html]
[techtrix.peacefulqode.com/3-column-shop/index663d.html]
[techtrix.peacefulqode.com/best-selling-products/index8803.html]
[techtrix.peacefulqode.com/best-selling-products/index2ad4.html]
[techtrix.peacefulqode.com/best-selling-products/indexf88d.html]
[techtrix.peacefulqode.com/best-selling-products/indexbc01.html]
[techtrix.peacefulqode.com/best-selling-products/index508f.html]
[techtrix.peacefulqode.com/best-selling-products/indexbeaf.html]
[techtrix.peacefulqode.com/best-selling-products/index7955.html]
[techtrix.peacefulqode.com/best-selling-products/index663d.html]
[techtrix.peacefulqode.com/one-column-blog/page/2/index.html]
[techtrix.peacefulqode.com/two-column-blog/page/2/index.html]
[techtrix.peacefulqode.com/three-column-blog/page/2/index.html]
[techtrix.peacefulqode.com/blog-right-sidebar/page/2/index.html]
[techtrix.peacefulqode.com/blog-left-sidebar/page/2/index.html]
[techtrix.peacefulqode.com/portfolio/index6146.html]
[techtrix.peacefulqode.com/2020/index.html]
[techtrix.peacefulqode.com/2020/12/index.html]
[techtrix.peacefulqode.com/wp-content/uploads/elementor/css/post-26205bc.css]
[techtrix.peacefulqode.com/index7d69.html]
[techtrix.peacefulqode.com/wp-content/uploads/elementor/css/post-25905bc.css]
[techtrix.peacefulqode.com/indexc544.html]
[techtrix.peacefulqode.com/wp-content/uploads/elementor/css/post-40204b9.css]
[techtrix.peacefulqode.com/index2e64.html]
[techtrix.peacefulqode.com/wp-content/plugins/woocommerce/assets/css/photoswipe/default-skin/default-skin.svg]
[techtrix.peacefulqode.com/product-category/clothing/index120a.html]
[techtrix.peacefulqode.com/product-category/clothing/indexbba0.html]
[techtrix.peacefulqode.com/product-category/clothing/index9d67.html]
[techtrix.peacefulqode.com/product-category/clothing/index85ad.html]
[techtrix.peacefulqode.com/product-category/clothing/index4872.html]
[techtrix.peacefulqode.com/2-column-shop/indexaafe.html]
[techtrix.peacefulqode.com/wp-content/plugins/woocommerce/assets/css/select25d2d.css]
[techtrix.peacefulqode.com/indexbeb5.html]
[techtrix.peacefulqode.com/cart/index09ec.html]
[techtrix.peacefulqode.com/indexd935.html]
[techtrix.peacefulqode.com/2-column-shop/index8803.html]
[techtrix.peacefulqode.com/2-column-shop/indexf88d.html]
[techtrix.peacefulqode.com/2-column-shop/indexf0b6.html]
[techtrix.peacefulqode.com/product-category/music/index0e31.html]
[techtrix.peacefulqode.com/product-category/music/index7955.html]
[techtrix.peacefulqode.com/cart/indexb52c.html]
[techtrix.peacefulqode.com/2-column-shop/index0ba9.html]
[techtrix.peacefulqode.com/product-category/clothing/accessories/index120a.html]
[techtrix.peacefulqode.com/product-category/clothing/accessories/indexbba0.html]
[techtrix.peacefulqode.com/product-category/clothing/accessories/index85ad.html]
[techtrix.peacefulqode.com/cart/index6a85.html]
[techtrix.peacefulqode.com/2-column-shop/indexb0fa.html]
[techtrix.peacefulqode.com/cart/index5c24.html]
[techtrix.peacefulqode.com/2-column-shop/indexc4ce.html]
[techtrix.peacefulqode.com/product-category/clothing/hoodies/index9d67.html]
[techtrix.peacefulqode.com/2-column-shop/index1f36.html]
[techtrix.peacefulqode.com/3-column-shop/index2ad4.html]
[techtrix.peacefulqode.com/3-column-shop/indexbeaf.html]
[techtrix.peacefulqode.com/3-column-shop/indexf0b6.html]
[techtrix.peacefulqode.com/3-column-shop/indexb0fa.html]
[techtrix.peacefulqode.com/3-column-shop/index0ba9.html]
[techtrix.peacefulqode.com/3-column-shop/indexaafe.html]
[techtrix.peacefulqode.com/cart/index253c.html]
[techtrix.peacefulqode.com/3-column-shop/index90ff.html]
[techtrix.peacefulqode.com/product-category/clothing/tshirts/index4872.html]
[techtrix.peacefulqode.com/3-column-shop/indexae8b.html]
[techtrix.peacefulqode.com/best-selling-products/indexae8b.html]
[techtrix.peacefulqode.com/best-selling-products/index1f36.html]
[techtrix.peacefulqode.com/best-selling-products/index90ff.html]
[techtrix.peacefulqode.com/best-selling-products/indexb0fa.html]
[techtrix.peacefulqode.com/best-selling-products/index0ba9.html]
[techtrix.peacefulqode.com/best-selling-products/indexc4ce.html]
[techtrix.peacefulqode.com/best-selling-products/index166c.html]
[techtrix.peacefulqode.com/portfolio/page/2/index.html]
[techtrix.peacefulqode.com/2-column-shop/indexae8b.html]
[techtrix.peacefulqode.com/2-column-shop/index90ff.html]
[techtrix.peacefulqode.com/2-column-shop/index68c4.html]
[techtrix.peacefulqode.com/2-column-shop/index7d95.html]
[techtrix.peacefulqode.com/2-column-shop/indexcd8e.html]
[techtrix.peacefulqode.com/3-column-shop/index1f36.html]
[techtrix.peacefulqode.com/3-column-shop/indexc4ce.html]
[techtrix.peacefulqode.com/3-column-shop/index19b1.html]
[techtrix.peacefulqode.com/best-selling-products/indexf0b6.html]
